
 INFO Server running on [http://127.0.0.1:8000]. 

 Press Ctrl+C to stop the server

 2026-05-18 15:18:55 .. ~ 1s
 2026-05-18 15:18:56 .. ~ 517.31ms
 2026-05-18 15:19:20 .. ~ 505.12ms
 2026-05-18 15:19:22 .. ~ 502.17ms
 2026-05-18 15:19:22 .. ~ 515.33ms
 2026-05-18 15:20:46 .. ~ 504.26ms
 2026-05-18 15:20:47 .. ~ 3s
 2026-05-18 15:20:53 .. ~ 504.19ms
 2026-05-18 15:20:53 .. ~ 501.42ms
 2026-05-18 15:20:53 .. ~ 505.14ms
 2026-05-18 15:21:04 .. ~ 1s
 2026-05-18 15:21:04 .. ~ 1s
 2026-05-18 15:21:05 .. ~ 1s
 2026-05-18 15:21:07 .. ~ 510.70ms
 2026-05-18 15:21:07 .. ~ 10s
 2026-05-18 15:21:18 .. ~ 1s
 2026-05-18 15:21:20 .. ~ 513.67ms
 2026-05-18 15:22:26 .. ~ 503.11ms
 2026-05-18 15:22:26 .. ~ 500.05ms
 2026-05-18 15:22:27 .. ~ 507.31ms
 2026-05-18 15:22:27 .. ~ 8s
 2026-05-18 15:22:35 .. ~ 1s
 2026-05-18 15:22:36 .. ~ 506.01ms
 2026-05-18 15:22:37 .. ~ 516.48ms
 2026-05-18 15:22:37 .. ~ 1.03ms
 2026-05-18 15:22:38 .. ~ 506.68ms
 2026-05-18 15:22:39 .. ~ 502.86ms
 2026-05-18 15:22:39 .. ~ 4s
 2026-05-18 15:22:44 .. ~ 1.15ms
 2026-05-18 15:22:44 .. ~ 506.53ms
 2026-05-18 15:22:46 .. ~ 501.76ms
 2026-05-18 15:22:46 .. ~ 511.20ms
 2026-05-18 15:22:47 .. ~ 0.87ms
 2026-05-18 15:22:47 .. ~ 1s
 2026-05-18 15:22:49 .. ~ 0.47ms
 2026-05-18 15:22:49 .. ~ 505.06ms
 2026-05-18 15:22:50 .. ~ 501.95ms
 2026-05-18 15:22:50 .. ~ 503.11ms
 2026-05-18 15:22:51 .. ~ 503.13ms
 2026-05-18 15:22:52 .. ~ 1s
 2026-05-18 15:22:53 .. ~ 513.45ms
 2026-05-18 15:22:54 .. ~ 515.09ms
 2026-05-18 15:23:03 .. ~ 514.56ms
 2026-05-18 15:23:04 .. ~ 0.22ms
 2026-05-18 15:23:05 .. ~ 507.30ms
 2026-05-18 15:23:05 .. ~ 508.47ms
 2026-05-18 15:23:06 .. ~ 501.28ms
 2026-05-18 15:23:07 .. ~ 500.66ms
 2026-05-18 15:23:09 .. ~ 0.43ms
 2026-05-18 15:23:09 .. ~ 512.30ms
 2026-05-18 15:23:10 .. ~ 505.29ms
 2026-05-18 15:23:10 .. ~ 28s
 2026-05-18 15:23:39 .. ~ 503.22ms
 2026-05-18 15:23:39 .. ~ 1.28ms
 2026-05-18 15:23:42 .. ~ 504.05ms
 2026-05-18 15:23:42 .. ~ 513.28ms
 2026-05-18 15:23:43 .. ~ 512.74ms
 2026-05-18 15:23:43 .. ~ 0.48ms
 2026-05-18 15:23:43 .. ~ 503.32ms
 2026-05-18 15:23:44 .. ~ 501.53ms
 2026-05-18 15:23:45 .. ~ 5s
 2026-05-18 15:23:50 .. ~ 506.99ms
 2026-05-18 15:23:50 .. ~ 501.04ms
 2026-05-18 15:23:51 .. ~ 508.41ms
 2026-05-18 15:23:52 .. ~ 500.34ms
 2026-05-18 15:23:52 .. ~ 0.25ms
 2026-05-18 15:24:35 .. ~ 502.04ms
 2026-05-18 15:24:35 .. ~ 1s
 2026-05-18 15:24:36 .. ~ 1s
 2026-05-18 15:24:37 .. ~ 517.46ms
 2026-05-18 15:25:01 .. ~ 502.03ms
 2026-05-18 15:25:02 .. ~ 512.54ms
 2026-05-18 15:25:03 .. ~ 509.50ms
 2026-05-18 15:25:03 .. ~ 506.84ms
 2026-05-18 15:25:07 .. ~ 506.79ms
 2026-05-18 15:25:07 .. ~ 10s
 2026-05-18 15:25:17 .. ~ 1s
 2026-05-18 15:25:18 .. ~ 0.23ms
 2026-05-18 15:25:19 .. ~ 502.39ms
 2026-05-18 15:27:20 .. ~ 1s
 2026-05-18 15:27:21 .. ~ 502.60ms
 2026-05-18 15:27:21 .. ~ 1s
 2026-05-18 15:27:21 .. ~ 1s
 2026-05-18 15:27:22 .. ~ 512.64ms
 2026-05-18 15:27:23 .. ~ 1s
 2026-05-18 15:27:23 .. ~ 511.80ms
 2026-05-18 15:27:23 .. ~ 1s
 2026-05-18 15:27:24 .. ~ 511.07ms
 2026-05-18 15:27:24 .. ~ 512.28ms
 2026-05-18 15:27:25 .. ~ 2m 29s
 2026-05-18 15:29:54 .. ~ 514.21ms
 2026-05-18 15:29:55 .. ~ 1s
 2026-05-18 15:29:56 .. ~ 0.45ms
 2026-05-18 15:29:56 .. ~ 1s
 2026-05-18 15:29:55 .. ~ 3s
 2026-05-18 15:29:56 .. ~ 2s
 2026-05-18 15:29:57 .. ~ 1s
 2026-05-18 15:29:58 .. ~ 504.07ms
 2026-05-18 15:29:58 .. ~ 1s
 2026-05-18 15:29:59 .. ~ 1s
 2026-05-18 15:30:00 .. ~ 504.05ms
 2026-05-18 15:30:00 .. ~ 500.77ms
 2026-05-18 15:30:01 .. ~ 0.25ms
 2026-05-18 15:30:01 .. ~ 512.70ms
 2026-05-18 15:30:00 .. ~ 13s
 2026-05-18 15:30:15 .. ~ 504.87ms
 2026-05-18 15:30:15 .. ~ 513.72ms
 2026-05-18 15:30:15 .. ~ 1s
 2026-05-18 15:30:15 .. ~ 1s
 2026-05-18 15:30:17 .. ~ 0.56ms
 2026-05-18 15:30:17 .. ~ 16s
 2026-05-18 15:31:38 .. ~ 0.38ms
 2026-05-18 15:31:38 .. ~ 508.55ms
 2026-05-18 15:31:38 .. ~ 1s
 2026-05-18 15:31:46 .. ~ 510.64ms
 2026-05-18 15:31:46 .. ~ 1s
 2026-05-18 15:33:40 .. ~ 1s
 2026-05-18 15:33:40 .. ~ 2s
 2026-05-18 15:33:40 .. ~ 1s
 2026-05-18 15:33:42 .. ~ 504.00ms
 2026-05-18 15:33:46 .. ~ 0.45ms
 2026-05-18 15:33:46 .. ~ 513.14ms
 2026-05-18 15:33:46 .. ~ 1s
 2026-05-18 15:33:47 .. ~ 0.83ms
 2026-05-18 15:33:48 .. ~ 2s
 2026-05-18 15:33:50 .. ~ 501.71ms
 2026-05-18 15:33:50 .. ~ 512.65ms
 2026-05-18 15:34:00 .. ~ 0.43ms
 2026-05-18 15:34:00 .. ~ 500.71ms
 2026-05-18 15:34:01 .. ~ 514.28ms
 2026-05-18 15:34:01 .. ~ 512.09ms
 2026-05-18 15:34:02 .. ~ 503.57ms
 2026-05-18 15:34:02 .. ~ 1s
 2026-05-18 15:34:04 .. ~ 502.15ms
 2026-05-18 15:34:05 .. ~ 514.65ms
 2026-05-18 15:34:06 .. ~ 501.92ms
 2026-05-18 15:34:06 .. ~ 1s
 2026-05-18 15:34:08 .. ~ 502.64ms
 2026-05-18 15:34:08 .. ~ 510.01ms
 2026-05-18 15:30:15 .. ~ 6m 28s
 2026-05-18 15:36:44 .. ~ 512.64ms
 2026-05-18 15:36:45 .. ~ 512.79ms
 2026-05-18 15:36:45 .. ~ 1s
 2026-05-18 15:36:45 .. ~ 1s
 2026-05-18 15:36:46 .. ~ 1s
 2026-05-18 15:36:48 .. ~ 506.71ms
 2026-05-18 15:36:56 .. ~ 512.11ms
 2026-05-18 15:36:48 .. ~ 9s
 2026-05-18 15:36:57 .. ~ 1s
 2026-05-18 15:36:57 .. ~ 1s
 2026-05-18 15:36:58 .. ~ 500.99ms
 2026-05-18 15:36:59 .. ~ 506.81ms
 2026-05-18 15:38:11 .. ~ 1s
 2026-05-18 15:36:59 .. ~ 1m 13s
 2026-05-18 15:38:12 .. ~ 1s
 2026-05-18 15:38:12 .. ~ 1s
 2026-05-18 15:38:12 .. ~ 2s
 2026-05-18 15:38:13 .. ~ 1s
 2026-05-18 15:38:15 .. ~ 4.80ms
 2026-05-18 15:38:57 .. ~ 515.25ms
 2026-05-18 15:38:58 .. ~ 512.16ms
 2026-05-18 15:38:57 .. ~ 1s
 2026-05-18 15:38:58 .. ~ 1s
 2026-05-18 15:38:58 .. ~ 1s
 2026-05-18 15:39:00 .. ~ 0.29ms
 2026-05-18 15:40:07 .. ~ 503.76ms
 2026-05-18 15:40:08 .. ~ 45s
 2026-05-18 15:40:54 .. ~ 0.90ms
 2026-05-18 15:40:54 .. ~ 515.22ms
 2026-05-18 15:40:54 .. ~ 1s
 2026-05-18 15:40:55 .. ~ 503.50ms
 2026-05-18 15:40:55 .. ~ 504.75ms
 2026-05-18 15:40:56 .. ~ 506.16ms
 2026-05-18 15:41:06 .. ~ 502.32ms
 2026-05-18 15:41:06 .. ~ 511.08ms
 2026-05-18 15:41:07 .. ~ 0.41ms
 2026-05-18 15:41:07 .. ~ 3s
 2026-05-18 15:41:10 .. ~ 503.04ms
 2026-05-18 15:41:11 .. ~ 2s
 2026-05-18 15:41:14 .. ~ 1.33ms
 2026-05-18 15:41:14 .. ~ 500.03ms
 2026-05-18 15:41:15 .. ~ 513.30ms
 2026-05-18 15:41:15 .. ~ 0.29ms
 2026-05-18 15:41:15 .. ~ 499.12ms
 2026-05-18 15:41:16 .. ~ 0.37ms
 2026-05-18 15:41:16 .. ~ 500.56ms
 2026-05-18 15:41:17 .. ~ 0.36ms
 2026-05-18 15:41:17 .. ~ 3s
 2026-05-18 15:41:21 .. ~ 0.29ms
 2026-05-18 15:41:21 .. ~ 517.83ms
 2026-05-18 15:41:25 .. ~ 0.57ms
 2026-05-18 15:41:26 .. ~ 507.68ms
 2026-05-18 15:41:31 .. ~ 502.13ms
 2026-05-18 15:41:31 .. ~ 0.23ms
 2026-05-18 15:41:32 .. ~ 503.14ms
 2026-05-18 15:41:32 .. ~ 1s
 2026-05-18 15:41:34 .. ~ 509.08ms
 2026-05-18 15:41:34 .. ~ 5s
 2026-05-18 15:41:40 .. ~ 521.43ms
 2026-05-18 15:41:41 .. ~ 509.79ms
 2026-05-18 15:41:41 .. ~ 0.37ms
 2026-05-18 15:41:42 .. ~ 6s
 2026-05-18 15:41:48 .. ~ 0.19ms
 2026-05-18 15:41:49 .. ~ 501.63ms
 2026-05-18 15:41:50 .. ~ 0.23ms
 2026-05-18 15:41:50 .. ~ 512.39ms
 2026-05-18 15:41:56 .. ~ 515.79ms
 2026-05-18 15:41:56 .. ~ 1s
 2026-05-18 15:41:56 .. ~ 1s
 2026-05-18 15:41:58 .. ~ 0.42ms
 2026-05-18 15:54:58 .. ~ 502.16ms
 2026-05-18 15:54:59 .. ~ 498.02ms
 2026-05-18 15:55:00 .. ~ 503.09ms
 2026-05-18 15:55:00 .. ~ 513.62ms
 2026-05-18 15:55:00 .. ~ 1s
 2026-05-18 15:55:02 .. ~ 511.58ms
 2026-05-18 15:55:02 .. ~ 502.78ms
 2026-05-18 15:55:02 .. ~ 1s
 2026-05-18 15:55:03 .. ~ 0.46ms
 2026-05-18 15:55:04 .. ~ 512.80ms
 2026-05-18 15:55:04 .. ~ 1s
 2026-05-18 15:55:05 .. ~ 513.83ms
 2026-05-18 15:55:05 .. ~ 0.21ms
 2026-05-18 15:55:05 .. ~ 515.04ms
 2026-05-18 15:55:06 .. ~ 1.62ms
 2026-05-18 15:55:07 .. ~ 501.79ms
 2026-05-18 15:55:07 .. ~ 510.41ms
 2026-05-18 15:55:08 .. ~ 501.77ms
 2026-05-18 15:55:09 .. ~ 0.25ms
 2026-05-18 15:55:09 .. ~ 511.31ms
 2026-05-18 15:55:10 .. ~ 515.58ms
 2026-05-18 15:55:10 .. ~ 0.24ms
 2026-05-18 15:55:10 .. ~ 500.38ms
 2026-05-18 15:55:11 .. ~ 0.77ms
 2026-05-18 15:55:11 .. ~ 500.34ms
 2026-05-18 15:55:16 .. ~ 0.38ms
 2026-05-18 15:55:16 .. ~ 518.05ms
 2026-05-18 15:55:17 .. ~ 509.99ms
 2026-05-18 15:55:18 .. ~ 1m 27s
 2026-05-18 15:56:50 .. ~ 501.72ms
 2026-05-18 15:56:50 .. ~ 506.41ms
 2026-05-18 15:56:51 .. ~ 512.07ms
 2026-05-18 15:56:51 .. ~ 2s
 2026-05-18 15:57:01 .. ~ 513.87ms
 2026-05-18 15:57:01 .. ~ 519.95ms
 2026-05-18 15:57:02 .. ~ 502.18ms
 2026-05-18 15:57:02 .. ~ 57s
 2026-05-18 15:58:01 .. ~ 507.54ms
 2026-05-18 15:58:02 .. ~ 515.16ms
